version 4
name fred
use_dci_name 1
content 
trust_content_header 1
dcp_content_type SHR
format 185
left_crop 1
right_crop 2
top_crop 3
bottom_crop 4
filter pphb
filter unsharp
scaler bicubic
trim_start 42
trim_end 99
dcp_ab 1
use_content_audio 1
audio_gain 0
audio_delay 0
still_duration 10
with_subtitles 0
subtitle_offset 0
subtitle_scale 1
colour_lut 0
j2k_bandwidth 200000000
audio_language 
subtitle_language 
territory 
rating 
studio 
facility 
package_type 
dci_date 20130211
dcp_frame_rate 0
width 0
height 0
length 0
dcp_intrinsic_duration 0
content_digest 
external_audio_stream external 0 0
source_frame_rate 0
