name fred
use_dci_name 0
content 
dcp_content_type Short
format 185
left_crop 1
right_crop 2
top_crop 3
bottom_crop 4
filter pphb
filter unsharp
scaler bicubic
dcp_trim_start 42
dcp_trim_end 99
dcp_ab 1
selected_audio_stream -1
audio_gain 0
audio_delay 0
still_duration 10
selected_subtitle_stream -1
with_subtitles 0
subtitle_offset 0
subtitle_scale 1
audio_language 
subtitle_language 
territory 
rating 
studio 
facility 
package_type 
width 0
height 0
length 0
audio_sample_rate 0
content_digest 
has_subtitles 0
frames_per_second 0
